b2_0_k4_0 nodes 21 hits_total 0 stopped 0
b2_0_k5_0 nodes 21 hits_total 0 stopped 0
b2_0_k5_1 nodes 21 hits_total 0 stopped 0
b2_0_k6_0 nodes 21 hits_total 0 stopped 0
b2_0_k6_1 nodes 21 hits_total 0 stopped 0
b2_0_k7_0 nodes 21 hits_total 0 stopped 0
b2_0_k7_1 nodes 21 hits_total 0 stopped 0
b4_0_k3_0 nodes 21 hits_total 0 stopped 0
b4_0_k4_0 nodes 21 hits_total 0 stopped 0
b4_0_k5_0 nodes 21 hits_total 0 stopped 0
b4_0_k6_0 nodes 21 hits_total 0 stopped 0
b4_0_k6_1 nodes 21 hits_total 0 stopped 0
b4_0_k6_2 nodes 21 hits_total 0 stopped 0
b4_0_k7_0 nodes 21 hits_total 0 stopped 0
b4_0_k7_1 nodes 21 hits_total 0 stopped 0
b4_0_k7_2 nodes 21 hits_total 0 stopped 0
b4_0_k7_3 nodes 21 hits_total 0 stopped 0
b4_0_k7_4 nodes 21 hits_total 0 stopped 0
b4_0_k7_5 nodes 21 hits_total 0 stopped 0
b4_0_k7_6 nodes 21 hits_total 0 stopped 0
b4_0_k7_7 nodes 21 hits_total 0 stopped 0
b4_0_k7_8 nodes 21 hits_total 0 stopped 0
b4_0_k7_9 nodes 21 hits_total 0 stopped 0
b4_1_k3_0 nodes 21 hits_total 0 stopped 0
b4_1_k4_0 nodes 21 hits_total 0 stopped 0
b4_1_k5_0 nodes 21 hits_total 0 stopped 0
b4_1_k6_0 nodes 21 hits_total 0 stopped 0
b4_1_k6_1 nodes 21 hits_total 0 stopped 0
b4_1_k6_2 nodes 21 hits_total 0 stopped 0
b4_1_k6_3 nodes 21 hits_total 0 stopped 0
b4_1_k7_0 nodes 21 hits_total 0 stopped 0
b4_1_k7_1 nodes 21 hits_total 0 stopped 0
b4_1_k7_2 nodes 21 hits_total 0 stopped 0
b4_1_k7_3 nodes 21 hits_total 0 stopped 0
b4_1_k7_4 nodes 21 hits_total 0 stopped 0
b4_1_k7_5 nodes 21 hits_total 0 stopped 0
b4_1_k7_6 nodes 21 hits_total 0 stopped 0
b6_0_k5_0 nodes 21 hits_total 0 stopped 0
b6_0_k5_1 nodes 21 hits_total 0 stopped 0
b6_0_k5_2 nodes 21 hits_total 0 stopped 0
b6_0_k6_0 nodes 21 hits_total 0 stopped 0
b6_0_k6_1 nodes 21 hits_total 0 stopped 0
b6_0_k6_2 nodes 21 hits_total 0 stopped 0
b6_0_k6_3 nodes 21 hits_total 0 stopped 0
b6_0_k6_4 nodes 21 hits_total 0 stopped 0
b6_0_k6_5 nodes 21 hits_total 0 stopped 0
b6_0_k6_6 nodes 21 hits_total 0 stopped 0
b6_0_k6_7 nodes 21 hits_total 0 stopped 0
b6_0_k6_8 nodes 21 hits_total 0 stopped 0
b6_0_k6_9 nodes 21 hits_total 0 stopped 0
b6_0_k6_10 nodes 21 hits_total 0 stopped 0
b6_0_k7_0 nodes 21 hits_total 0 stopped 0
b6_0_k7_1 nodes 21 hits_total 0 stopped 0
b6_0_k7_2 nodes 21 hits_total 0 stopped 0
b6_0_k7_3 nodes 21 hits_total 0 stopped 0
b6_0_k7_4 nodes 21 hits_total 0 stopped 0
b6_0_k7_5 nodes 21 hits_total 0 stopped 0
b6_0_k7_6 nodes 21 hits_total 0 stopped 0
b6_0_k7_7 nodes 21 hits_total 0 stopped 0
b6_0_k7_8 nodes 21 hits_total 0 stopped 0
b6_0_k7_9 nodes 21 hits_total 0 stopped 0
b6_0_k7_10 nodes 21 hits_total 0 stopped 0
b6_0_k7_11 nodes 21 hits_total 0 stopped 0
b6_0_k7_12 nodes 21 hits_total 0 stopped 0
b6_0_k7_13 nodes 21 hits_total 0 stopped 0
b6_0_k7_14 nodes 21 hits_total 0 stopped 0
b6_0_k7_15 nodes 21 hits_total 0 stopped 0
b6_0_k7_16 nodes 21 hits_total 0 stopped 0
b6_0_k7_17 nodes 21 hits_total 0 stopped 0
b6_0_k7_18 nodes 21 hits_total 0 stopped 0
b6_0_k7_19 nodes 21 hits_total 0 stopped 0
b6_0_k7_20 nodes 21 hits_total 0 stopped 0
b6_0_k7_21 nodes 21 hits_total 0 stopped 0
b6_0_k7_22 nodes 21 hits_total 0 stopped 0
b6_1_k6_0 nodes 21 hits_total 0 stopped 0
b6_1_k6_1 nodes 21 hits_total 0 stopped 0
b6_1_k6_2 nodes 21 hits_total 0 stopped 0
b6_1_k7_0 nodes 21 hits_total 0 stopped 0
b6_1_k7_1 nodes 21 hits_total 0 stopped 0
b6_1_k7_2 nodes 21 hits_total 0 stopped 0
b6_1_k7_3 nodes 21 hits_total 0 stopped 0
b6_1_k7_4 nodes 21 hits_total 0 stopped 0
b6_1_k7_5 nodes 21 hits_total 0 stopped 0
b6_1_k7_6 nodes 21 hits_total 0 stopped 0
b6_1_k7_7 nodes 21 hits_total 0 stopped 0
b6_1_k7_8 nodes 21 hits_total 0 stopped 0
b6_1_k7_9 nodes 21 hits_total 0 stopped 0
b6_1_k7_10 nodes 21 hits_total 0 stopped 0
b6_2_k5_0 nodes 21 hits_total 0 stopped 0
b6_2_k5_1 nodes 21 hits_total 0 stopped 0
b6_2_k5_2 nodes 21 hits_total 0 stopped 0
b6_2_k6_0 nodes 21 hits_total 0 stopped 0
b6_2_k6_1 nodes 21 hits_total 0 stopped 0
b6_2_k6_2 nodes 21 hits_total 0 stopped 0
b6_2_k6_3 nodes 21 hits_total 0 stopped 0
b6_2_k6_4 nodes 21 hits_total 0 stopped 0
b6_2_k6_5 nodes 21 hits_total 0 stopped 0
b6_2_k6_6 nodes 21 hits_total 0 stopped 0
b6_2_k6_7 nodes 21 hits_total 0 stopped 0
b6_2_k6_8 nodes 21 hits_total 0 stopped 0
b6_2_k7_0 nodes 21 hits_total 0 stopped 0
b6_2_k7_1 nodes 21 hits_total 0 stopped 0
b6_2_k7_2 nodes 21 hits_total 0 stopped 0
b6_2_k7_3 nodes 21 hits_total 0 stopped 0
b6_2_k7_4 nodes 21 hits_total 0 stopped 0
b6_2_k7_5 nodes 21 hits_total 0 stopped 0
b6_2_k7_6 nodes 21 hits_total 0 stopped 0
b6_2_k7_7 nodes 21 hits_total 0 stopped 0
b6_2_k7_8 nodes 21 hits_total 0 stopped 0
b6_2_k7_9 nodes 21 hits_total 0 stopped 0
b6_2_k7_10 nodes 21 hits_total 0 stopped 0
b6_2_k7_11 nodes 21 hits_total 0 stopped 0
b6_2_k7_12 nodes 21 hits_total 0 stopped 0
b6_2_k7_13 nodes 21 hits_total 0 stopped 0
b6_2_k7_14 nodes 21 hits_total 0 stopped 0
b6_2_k7_15 nodes 21 hits_total 0 stopped 0
b6_2_k7_16 nodes 21 hits_total 0 stopped 0
b6_2_k7_17 nodes 21 hits_total 0 stopped 0
b6_2_k7_18 nodes 21 hits_total 0 stopped 0
b6_2_k7_19 nodes 21 hits_total 0 stopped 0
b6_2_k7_20 nodes 21 hits_total 0 stopped 0
b6_2_k7_21 nodes 21 hits_total 0 stopped 0
b6_2_k7_22 nodes 21 hits_total 0 stopped 0
b6_2_k7_23 nodes 21 hits_total 0 stopped 0
b6_2_k7_24 nodes 21 hits_total 0 stopped 0
b6_2_k7_25 nodes 21 hits_total 0 stopped 0
b6_2_k7_26 nodes 21 hits_total 0 stopped 0
b6_2_k7_27 nodes 21 hits_total 0 stopped 0
b6_2_k7_28 nodes 21 hits_total 0 stopped 0
b6_2_k7_29 nodes 21 hits_total 0 stopped 0
b6_2_k7_30 nodes 21 hits_total 0 stopped 0
b6_2_k7_31 nodes 21 hits_total 0 stopped 0
b6_2_k7_32 nodes 21 hits_total 0 stopped 0
b6_2_k7_33 nodes 21 hits_total 0 stopped 0
b6_2_k7_34 nodes 21 hits_total 0 stopped 0
b6_2_k7_35 nodes 21 hits_total 0 stopped 0
b6_2_k7_36 nodes 21 hits_total 0 stopped 0
b6_2_k7_37 nodes 21 hits_total 0 stopped 0
b6_2_k7_38 nodes 21 hits_total 0 stopped 0
b6_2_k7_39 nodes 21 hits_total 0 stopped 0
b6_2_k7_40 nodes 21 hits_total 0 stopped 0
b6_3_k6_0 nodes 21 hits_total 0 stopped 0
b6_3_k6_1 nodes 21 hits_total 0 stopped 0
b6_3_k6_2 nodes 21 hits_total 0 stopped 0
b6_3_k7_0 nodes 21 hits_total 0 stopped 0
b6_3_k7_1 nodes 21 hits_total 0 stopped 0
b6_4_k4_0 nodes 21 hits_total 0 stopped 0
b6_4_k6_0 nodes 21 hits_total 0 stopped 0
b6_4_k6_1 nodes 21 hits_total 0 stopped 0
b6_4_k6_2 nodes 21 hits_total 0 stopped 0
b6_4_k6_3 nodes 21 hits_total 0 stopped 0
b6_4_k6_4 nodes 21 hits_total 0 stopped 0
b6_4_k6_5 nodes 21 hits_total 0 stopped 0
b6_4_k6_6 nodes 21 hits_total 0 stopped 0
b6_4_k6_7 nodes 21 hits_total 0 stopped 0
b6_4_k6_8 nodes 21 hits_total 0 stopped 0
b6_4_k6_9 nodes 21 hits_total 0 stopped 0
b6_4_k7_0 nodes 21 hits_total 0 stopped 0
b6_4_k7_1 nodes 21 hits_total 0 stopped 0
b6_4_k7_2 nodes 21 hits_total 0 stopped 0
b6_4_k7_3 nodes 21 hits_total 0 stopped 0
b6_4_k7_4 nodes 21 hits_total 0 stopped 0
b6_4_k7_5 nodes 21 hits_total 0 stopped 0
b6_4_k7_6 nodes 21 hits_total 0 stopped 0
b6_4_k7_7 nodes 21 hits_total 0 stopped 0
b6_4_k7_8 nodes 21 hits_total 0 stopped 0
b6_4_k7_9 nodes 21 hits_total 0 stopped 0
b6_4_k7_10 nodes 21 hits_total 0 stopped 0
b6_4_k7_11 nodes 21 hits_total 0 stopped 0
b6_4_k7_12 nodes 21 hits_total 0 stopped 0
b6_4_k7_13 nodes 21 hits_total 0 stopped 0
b6_4_k7_14 nodes 21 hits_total 0 stopped 0
b6_4_k7_15 nodes 21 hits_total 0 stopped 0
b6_4_k7_16 nodes 21 hits_total 0 stopped 0
b6_4_k7_17 nodes 21 hits_total 0 stopped 0
b6_4_k7_18 nodes 21 hits_total 0 stopped 0
b6_4_k7_19 nodes 21 hits_total 0 stopped 0
cycle3 nodes 21 hits_total 0 stopped 0
cycle5 nodes 21 hits_total 0 stopped 0
cycle6 nodes 21 hits_total 0 stopped 0
cycle7 nodes 21 hits_total 0 stopped 0
super6_0 nodes 21 hits_total 0 stopped 0
T1 nodes 21 hits_total 0 stopped 0
T15 nodes 21 hits_total 0 stopped 0
FINAL nodes 3864 hits 0 visits 12077343 exhaustive 1 seconds 0.0244389 prune4:470 prune8:13490 prune16:55380 prune32:580
