b2_0_k6_0 96
b2_0_k6_1 48
b4_0_k6_0 117
b4_0_k6_1 114
b4_0_k6_2 114
b4_1_k6_0 111
b4_1_k6_1 84
b4_1_k6_2 117
b4_1_k6_3 108
b6_0_k6_0 117
b6_0_k6_1 96
b6_0_k6_2 120
b6_0_k6_3 117
b6_0_k6_4 99
b6_0_k6_5 96
b6_0_k6_6 117
b6_0_k6_7 117
b6_0_k6_8 120
b6_0_k6_9 96
b6_0_k6_10 111
b6_1_k6_0 114
b6_1_k6_1 114
b6_1_k6_2 72
b6_2_k6_0 69
b6_2_k6_1 108
b6_2_k6_2 120
b6_2_k6_3 120
b6_2_k6_4 69
b6_2_k6_5 108
b6_2_k6_6 66
b6_2_k6_7 69
b6_2_k6_8 69
b6_3_k6_0 114
b6_3_k6_1 108
b6_3_k6_2 60
b6_4_k6_0 117
b6_4_k6_1 108
b6_4_k6_2 114
b6_4_k6_3 102
b6_4_k6_4 108
b6_4_k6_5 96
b6_4_k6_6 120
b6_4_k6_7 117
b6_4_k6_8 120
b6_4_k6_9 120
cycle6 51
TOTAL 4668
